Running Gradle task 'assembleDebug'...                          
flutter : Warning: Flutter support for your project's Android Gradle Plugin 
version (Android Gradle Plugin version 8.3.0) will soon be dropped. Please 
upgrade your Android Gradle Plugin version to a version of at least Android 
Gradle Plugin version 8.6.0 soon.
At line:1 char:1
+ flutter build apk --debug 2>&1 | Tee-Object -FilePath build_output.tx ...
+ ~~~~~~~~~~~~~~~~~~~~~~~~~~~~~~
    + CategoryInfo          : NotSpecified: (Warning: Flutte...ion 8.6.0 soon. 
   :String) [], RemoteException
    + FullyQualifiedErrorId : NativeCommandError
 
Alternatively, use the flag "--android-skip-build-dependency-validation" to 
bypass this check.

Potential fix: Your project's AGP version is typically defined in the plugins 
block of the `settings.gradle` file 
(D:\freelance\Sebastion\mediAI-Flutter\android/settings.gradle), by a plugin 
with the id of com.android.application. 
If you don't see a plugins block, your project was likely created with an 
older template version. In this case it is most likely defined in the 
top-level build.gradle file 
(D:\freelance\Sebastion\mediAI-Flutter\android/build.gradle) by the following 
line in the dependencies block of the buildscript: "classpath 
'com.android.tools.build:gradle:<version>'".

Warning: Flutter support for your project's Kotlin version (1.9.10) will soon 
be dropped. Please upgrade your Kotlin version to a version of at least 2.1.0 
soon.
Alternatively, use the flag "--android-skip-build-dependency-validation" to 
bypass this check.

Potential fix: Your project's KGP version is typically defined in the plugins 
block of the `settings.gradle` file 
(D:\freelance\Sebastion\mediAI-Flutter\android/settings.gradle), by a plugin 
with the id of org.jetbrains.kotlin.android. 
If you don't see a plugins block, your project was likely created with an 
older template version, in which case it is most likely defined in the 
top-level build.gradle file 
(D:\freelance\Sebastion\mediAI-Flutter\android/build.gradle) by the 
ext.kotlin_version property.

lib/screens/ai_question_builder_screen.dart:961:8: Error: Type 'BookChild' not 
found.
  List<BookChild> _availableChaptersWithSubChapters = [];
       ^^^^^^^^^
lib/screens/ai_question_builder_screen.dart:962:20: Error: Type 'BookChild' 
not found.
  Map<String, List<BookChild>> _subChaptersMap = {};
                   ^^^^^^^^^
lib/screens/ai_question_builder_screen.dart:961:8: Error: 'BookChild' isn't a 
type.
  List<BookChild> _availableChaptersWithSubChapters = [];
       ^^^^^^^^^
lib/screens/ai_question_builder_screen.dart:962:20: Error: 'BookChild' isn't a 
type.
  Map<String, List<BookChild>> _subChaptersMap = {};
                   ^^^^^^^^^
Target kernel_snapshot_program failed: Exception


FAILURE: Build failed with an exception.

* What went wrong:
Execution failed for task ':app:compileFlutterBuildDebug'.
> Process 'command 'D:\flutter\bin\flutter.bat'' finished with non-zero exit 
value 1

* Try:
> Run with --stacktrace option to get the stack trace.
> Run with --info or --debug option to get more log output.
> Run with --scan to get full insights.
> Get more help at https://help.gradle.org.

BUILD FAILED in 16s
Running Gradle task 'assembleDebug'...                             17.6s
Gradle task assembleDebug failed with exit code 1
